<?xml version="1.0" encoding="UTF-8"?>
<testsuites name="jest tests" tests="1" failures="0" errors="0" time="9.116">
  <testsuite name="undefined" errors="0" failures="0" skipped="0" timestamp="2022-05-14T18:02:25" time="3.314" tests="1">
    <testcase classname=" renders learn react link" name=" renders learn react link" time="0.082">
    </testcase>
  </testsuite>
</testsuites>